// Jest Snapshot v1, https://goo.gl/fbAQLP

exports[`renders StudentDetails component with student details 1`] = `[Function]`;

exports[`renders StudentDetails component with student details 2`] = `"name: John Doe"`;

exports[`renders StudentDetails component with student details 3`] = `"age: 20"`;

exports[`renders StudentDetails component with student details 4`] = `"grade: A"`;
